################################################################################
#                                                                              #
#      IAR Universal Linker V6.4.6.89                                          #
#                                                                              #
#           Link time     =  13/May/2017  12:37:32                             #
#           Target CPU    =  MSP430                                            #
#           List file     =  C:\Users\Dell\Desktop\ders\c\dht11_calisma_3\Debu #
#                            g\List\dht11_calisma_3.map                        #
#           Output file 1 =  C:\Users\Dell\Desktop\ders\c\dht11_calisma_3\Debu #
#                            g\Exe\dht11_calisma_3.d43                         #
#                            Format: ubrof10                                   #
#                            UBROF version 10.0.6                              #
#                            Using library modules for C-SPY (-rt)             #
#           Command line  =  C:\Users\Dell\Desktop\ders\c\dht11_calisma_3\Debu #
#                            g\Obj\main.r43                                    #
#                            -o                                                #
#                            C:\Users\Dell\Desktop\ders\c\dht11_calisma_3\Debu #
#                            g\Exe\dht11_calisma_3.d43                         #
#                            -l                                                #
#                            C:\Users\Dell\Desktop\ders\c\dht11_calisma_3\Debu #
#                            g\List\dht11_calisma_3.map                        #
#                            -xms                                              #
#                            "-IC:\Program Files (x86)\IAR Systems\Embedded Wo #
#                            rkbench 7.4\430\LIB\"                             #
#                            -f                                                #
#                            "C:\Program Files (x86)\IAR Systems\Embedded Work #
#                            bench 7.4\430\config\linker\lnk430g2553.xcl"      #
#                            (-cmsp430 -QCODE_I=CODE_ID -QTLS16_I=TLS16_ID     #
#                            -Z(CONST)INFO=1000-10FF                           #
#                            -Z(CONST)INFOA=10C0-10FF                          #
#                            -Z(CONST)INFOB=1080-10BF                          #
#                            -Z(CONST)INFOC=1040-107F                          #
#                            -Z(CONST)INFOD=1000-103F                          #
#                            -Z(DATA)DATA16_I,DATA16_Z,DATA16_N,TLS16_I=0200-0 #
#                            3FF                                               #
#                            -Z(DATA)DATA16_HEAP+_DATA16_HEAP_SIZE             #
#                            -Z(DATA)CODE_I -Z(DATA)CSTACK+_STACK_SIZE#        #
#                            -Z(CONST)DATA16_C,DATA16_ID,TLS16_ID,DIFUNCT,CHEC #
#                            KSUM=C000-FFDD                                    #
#                            -Z(CODE)CSTART,ISR_CODE,CODE_ID=C000-FFDD         #
#                            -P(CODE)CODE=C000-FFDD                            #
#                            -Z(CONST)SIGNATURE=FFDE-FFDF                      #
#                            -Z(CODE)INTVEC=FFE0-FFFF                          #
#                            -Z(CODE)RESET=FFFE-FFFF) -D_STACK_SIZE=50 -rt     #
#                            "C:\Program Files (x86)\IAR Systems\Embedded Work #
#                            bench 7.4\430\lib\dlib\dl430fn.r43"               #
#                            -e_PrintfLarge=_Printf -e_ScanfLarge=_Scanf       #
#                            -D_DATA16_HEAP_SIZE=50 -s __program_start         #
#                            -D_DATA20_HEAP_SIZE=50                            #
#                                                                              #
#                           Copyright (C) 1987-2016 IAR Systems AB.            #
################################################################################





                ****************************************
                *                                      *
                *           CROSS REFERENCE            *
                *                                      *
                ****************************************

       Program entry at :           C006  Relocatable, from module : ?cstart




                ****************************************
                *                                      *
                *            RUNTIME MODEL             *
                *                                      *
                ****************************************

  __Heap_Handler             = Basic
  __SystemLibrary            = DLib
  __core                     = 430
  __dlib_file_descriptor     = 0
  __dlib_full_locale_support = 0
  __double_size              = 32
  __pic                      = no
  __reg_r4                   = free
  __reg_r5                   = free
  __rt_version               = 3

                ****************************************
                *                                      *
                *    AUTOMATIC SYMBOL REDIRECTIONS     *
                *                                      *
                ****************************************

                  There are no automatic symbol redirections.



                ****************************************
                *                                      *
                *              MODULE MAP              *
                *                                      *
                ****************************************


  DEFINED ABSOLUTE ENTRIES
    *************************************************************************

  DEFINED ABSOLUTE ENTRIES
  PROGRAM MODULE, NAME : ?ABS_ENTRY_MOD

Absolute parts
           ENTRY                   ADDRESS         REF BY
           =====                   =======         ======
           _DATA20_HEAP_SIZE       0050 
           _DATA16_HEAP_SIZE       0050 
           _STACK_SIZE             0050 
    *************************************************************************

  FILE NAME : C:\Users\Dell\Desktop\ders\c\dht11_calisma_3\Debug\Obj\main.r43
  PROGRAM MODULE, NAME : main

  SEGMENTS IN THE MODULE
  ======================
DATA16_AN
  Relative segment, address: 0001 - 0001 (0x1 bytes), align: 0
  Segment part 1. ROOT        Intra module refs:   uart
           ENTRY                   ADDRESS         REF BY
           =====                   =======         ======
           IE2                     0001 
    -------------------------------------------------------------------------
DATA16_AN
  Relative segment, address: 0003 - 0003 (0x1 bytes), align: 0
  Segment part 2. ROOT        Intra module refs:   RXserial_isr
                                                   enviardato
           ENTRY                   ADDRESS         REF BY
           =====                   =======         ======
           IFG2                    0003 
    -------------------------------------------------------------------------
DATA16_AN
  Relative segment, address: 0056 - 0056 (0x1 bytes), align: 0
  Segment part 3. ROOT        Intra module refs:   clk
           ENTRY                   ADDRESS         REF BY
           =====                   =======         ======
           DCOCTL                  0056 
    -------------------------------------------------------------------------
DATA16_AN
  Relative segment, address: 0057 - 0057 (0x1 bytes), align: 0
  Segment part 4. ROOT        Intra module refs:   clk
           ENTRY                   ADDRESS         REF BY
           =====                   =======         ======
           BCSCTL1                 0057 
    -------------------------------------------------------------------------
DATA16_AN
  Relative segment, address: 0058 - 0058 (0x1 bytes), align: 0
  Segment part 5. ROOT        Intra module refs:   clk
           ENTRY                   ADDRESS         REF BY
           =====                   =======         ======
           BCSCTL2                 0058 
    -------------------------------------------------------------------------
DATA16_AN
  Relative segment, address: 0020 - 0020 (0x1 bytes), align: 0
  Segment part 6. ROOT        Intra module refs:   DTH11_data
           ENTRY                   ADDRESS         REF BY
           =====                   =======         ======
           P1IN                    0020 
    -------------------------------------------------------------------------
DATA16_AN
  Relative segment, address: 0021 - 0021 (0x1 bytes), align: 0
  Segment part 7. ROOT        Intra module refs:   DTH11_data
                                                   main
           ENTRY                   ADDRESS         REF BY
           =====                   =======         ======
           P1OUT                   0021 
    -------------------------------------------------------------------------
DATA16_AN
  Relative segment, address: 0022 - 0022 (0x1 bytes), align: 0
  Segment part 8. ROOT        Intra module refs:   DTH11_data
                                                   main
                                                   readSensor
           ENTRY                   ADDRESS         REF BY
           =====                   =======         ======
           P1DIR                   0022 
    -------------------------------------------------------------------------
DATA16_AN
  Relative segment, address: 0026 - 0026 (0x1 bytes), align: 0
  Segment part 9. ROOT        Intra module refs:   main
                                                   uart
           ENTRY                   ADDRESS         REF BY
           =====                   =======         ======
           P1SEL                   0026 
    -------------------------------------------------------------------------
DATA16_AN
  Relative segment, address: 0041 - 0041 (0x1 bytes), align: 0
  Segment part 10. ROOT       Intra module refs:   main
                                                   uart
           ENTRY                   ADDRESS         REF BY
           =====                   =======         ======
           P1SEL2                  0041 
    -------------------------------------------------------------------------
DATA16_AN
  Relative segment, address: 0160 - 0161 (0x2 bytes), align: 0
  Segment part 11. ROOT       Intra module refs:   DTH11_data
                                                   delay_millis
           ENTRY                   ADDRESS         REF BY
           =====                   =======         ======
           TA0CTL                  0160 
    -------------------------------------------------------------------------
DATA16_AN
  Relative segment, address: 0162 - 0163 (0x2 bytes), align: 0
  Segment part 12. ROOT       Intra module refs:   DTH11_data
                                                   delay_millis
           ENTRY                   ADDRESS         REF BY
           =====                   =======         ======
           TA0CCTL0                0162 
    -------------------------------------------------------------------------
DATA16_AN
  Relative segment, address: 0172 - 0173 (0x2 bytes), align: 0
  Segment part 13. ROOT       Intra module refs:   DTH11_data
                                                   delay_millis
           ENTRY                   ADDRESS         REF BY
           =====                   =======         ======
           TA0CCR0                 0172 
    -------------------------------------------------------------------------
DATA16_AN
  Relative segment, address: 0174 - 0175 (0x2 bytes), align: 0
  Segment part 14. ROOT       Intra module refs:   DTH11_data
                                                   delay_millis
           ENTRY                   ADDRESS         REF BY
           =====                   =======         ======
           TA0CCR1                 0174 
    -------------------------------------------------------------------------
DATA16_AN
  Relative segment, address: 0061 - 0061 (0x1 bytes), align: 0
  Segment part 15. ROOT       Intra module refs:   uart
           ENTRY                   ADDRESS         REF BY
           =====                   =======         ======
           UCA0CTL1                0061 
    -------------------------------------------------------------------------
DATA16_AN
  Relative segment, address: 0062 - 0062 (0x1 bytes), align: 0
  Segment part 16. ROOT       Intra module refs:   uart
           ENTRY                   ADDRESS         REF BY
           =====                   =======         ======
           UCA0BR0                 0062 
    -------------------------------------------------------------------------
DATA16_AN
  Relative segment, address: 0063 - 0063 (0x1 bytes), align: 0
  Segment part 17. ROOT       Intra module refs:   uart
           ENTRY                   ADDRESS         REF BY
           =====                   =======         ======
           UCA0BR1                 0063 
    -------------------------------------------------------------------------
DATA16_AN
  Relative segment, address: 0064 - 0064 (0x1 bytes), align: 0
  Segment part 18. ROOT       Intra module refs:   uart
           ENTRY                   ADDRESS         REF BY
           =====                   =======         ======
           UCA0MCTL                0064 
    -------------------------------------------------------------------------
DATA16_AN
  Relative segment, address: 0066 - 0066 (0x1 bytes), align: 0
  Segment part 19. ROOT       Intra module refs:   RXserial_isr
           ENTRY                   ADDRESS         REF BY
           =====                   =======         ======
           UCA0RXBUF               0066 
    -------------------------------------------------------------------------
DATA16_AN
  Relative segment, address: 0067 - 0067 (0x1 bytes), align: 0
  Segment part 20. ROOT       Intra module refs:   enviardato
           ENTRY                   ADDRESS         REF BY
           =====                   =======         ======
           UCA0TXBUF               0067 
    -------------------------------------------------------------------------
DATA16_AN
  Relative segment, address: 0120 - 0121 (0x2 bytes), align: 0
  Segment part 21. ROOT       Intra module refs:   clk
           ENTRY                   ADDRESS         REF BY
           =====                   =======         ======
           WDTCTL                  0120 
    -------------------------------------------------------------------------
DATA16_AN
  Relative segment, address: 10F8 - 10F8 (0x1 bytes), align: 0
  Segment part 22. ROOT       Intra module refs:   clk
           ENTRY                   ADDRESS         REF BY
           =====                   =======         ======
           CALDCO_16MHZ            10F8 
    -------------------------------------------------------------------------
DATA16_AN
  Relative segment, address: 10F9 - 10F9 (0x1 bytes), align: 0
  Segment part 23. ROOT       Intra module refs:   clk
           ENTRY                   ADDRESS         REF BY
           =====                   =======         ======
           CALBC1_16MHZ            10F9 
    -------------------------------------------------------------------------
DATA16_Z
  Relative segment, address: 0204 - 020A (0x7 bytes), align: 0
  Segment part 27.            Intra module refs:   p_ui
           ENTRY                   ADDRESS         REF BY
           =====                   =======         ======
           aux_char                0204 
    -------------------------------------------------------------------------
DATA16_Z
  Relative segment, address: 020B - 020B (0x1 bytes), align: 0
  Segment part 32.            Intra module refs:   p_ui
           ENTRY                   ADDRESS         REF BY
           =====                   =======         ======
           _U                      020B 
    -------------------------------------------------------------------------
DATA16_Z
  Relative segment, address: 020C - 020C (0x1 bytes), align: 0
  Segment part 33.            Intra module refs:   p_ui
           ENTRY                   ADDRESS         REF BY
           =====                   =======         ======
           _D                      020C 
    -------------------------------------------------------------------------
DATA16_Z
  Relative segment, address: 020D - 020D (0x1 bytes), align: 0
  Segment part 34.            Intra module refs:   p_ui
           ENTRY                   ADDRESS         REF BY
           =====                   =======         ======
           _UM                     020D 
    -------------------------------------------------------------------------
DATA16_Z
  Relative segment, address: 020E - 020E (0x1 bytes), align: 0
  Segment part 35.            Intra module refs:   p_ui
           ENTRY                   ADDRESS         REF BY
           =====                   =======         ======
           _C                      020E 
    -------------------------------------------------------------------------
DATA16_Z
  Relative segment, address: 020F - 020F (0x1 bytes), align: 0
  Segment part 36.            Intra module refs:   p_ui
           ENTRY                   ADDRESS         REF BY
           =====                   =======         ======
           _DM                     020F 
    -------------------------------------------------------------------------
<CODE> 1 (was CODE)
  Relative segment, address: C54C - C557 (0xc bytes), align: 1
  Segment part 74.            Intra module refs:   clc_
                                                   ec
                                                   s_pc
           ENTRY                   ADDRESS         REF BY
           =====                   =======         ======
           enviardato              C54C 
    -------------------------------------------------------------------------
<CODE> 1 (was CODE)
  Relative segment, address: C4EC - C503 (0x18 bytes), align: 1
  Segment part 77.            Intra module refs:   main
                                                   p_ui
           ENTRY                   ADDRESS         REF BY
           =====                   =======         ======
           ec                      C4EC 
               calls direct
    -------------------------------------------------------------------------
<CODE> 1 (was CODE)
  Relative segment, address: C558 - C55F (0x8 bytes), align: 1
  Segment part 80.            Intra module refs:   main
           ENTRY                   ADDRESS         REF BY
           =====                   =======         ======
           s_pc                    C558 
               calls direct
    -------------------------------------------------------------------------
<CODE> 1 (was CODE)
  Relative segment, address: C560 - C567 (0x8 bytes), align: 1
  Segment part 83.            Intra module refs:   main
           ENTRY                   ADDRESS         REF BY
           =====                   =======         ======
           clc_                    C560 
               calls direct
    -------------------------------------------------------------------------
<CODE> 1 (was CODE)
  Relative segment, address: C1E0 - C36B (0x18c bytes), align: 1
  Segment part 86.            Intra module refs:   main
           ENTRY                   ADDRESS         REF BY
           =====                   =======         ======
           p_ui                    C1E0 
               calls direct
    -------------------------------------------------------------------------
<CODE> 1 (was CODE)
  Relative segment, address: C36C - C3E3 (0x78 bytes), align: 1
  Segment part 90.            Intra module refs:   DTH11_data
           ENTRY                   ADDRESS         REF BY
           =====                   =======         ======
           delay_millis            C36C 
    -------------------------------------------------------------------------
DATA16_Z
  Relative segment, address: 0210 - 0210 (0x1 bytes), align: 0
  Segment part 50.            Intra module refs:   DTH11_data
                                                   main
           ENTRY                   ADDRESS         REF BY
           =====                   =======         ======
           byte0                   0210 
    -------------------------------------------------------------------------
DATA16_Z
  Relative segment, address: 0211 - 0211 (0x1 bytes), align: 0
  Segment part 51.            Intra module refs:   DTH11_data
                                                   main
           ENTRY                   ADDRESS         REF BY
           =====                   =======         ======
           byte1                   0211 
    -------------------------------------------------------------------------
DATA16_Z
  Relative segment, address: 0212 - 0212 (0x1 bytes), align: 0
  Segment part 52.            Intra module refs:   DTH11_data
                                                   main
           ENTRY                   ADDRESS         REF BY
           =====                   =======         ======
           byte2                   0212 
    -------------------------------------------------------------------------
DATA16_Z
  Relative segment, address: 0213 - 0213 (0x1 bytes), align: 0
  Segment part 53.            Intra module refs:   DTH11_data
                                                   main
           ENTRY                   ADDRESS         REF BY
           =====                   =======         ======
           byte3                   0213 
    -------------------------------------------------------------------------
DATA16_Z
  Relative segment, address: 0214 - 0214 (0x1 bytes), align: 0
  Segment part 54.            Intra module refs:   DTH11_data
                                                   main
           ENTRY                   ADDRESS         REF BY
           =====                   =======         ======
           byte4                   0214 
    -------------------------------------------------------------------------
DATA16_Z
  Relative segment, address: 0215 - 0215 (0x1 bytes), align: 0
  Segment part 56.            Intra module refs:   DTH11_data
           ENTRY                   ADDRESS         REF BY
           =====                   =======         ======
           Timeout                 0215 
    -------------------------------------------------------------------------
DATA16_Z
  Relative segment, address: 0200 - 0201 (0x2 bytes), align: 1
  Segment part 64.            Intra module refs:   DTH11_data
           ENTRY                   ADDRESS         REF BY
           =====                   =======         ======
           countt1                 0200 
    -------------------------------------------------------------------------
DATA16_Z
  Relative segment, address: 0202 - 0203 (0x2 bytes), align: 1
  Segment part 67.            Intra module refs:   DTH11_data
                                                   readSensor
           ENTRY                   ADDRESS         REF BY
           =====                   =======         ======
           Ndata1                  0202 
    -------------------------------------------------------------------------
<CODE> 1 (was CODE)
  Relative segment, address: C01E - C1DF (0x1c2 bytes), align: 1
  Segment part 93.            Intra module refs:   readSensor
           ENTRY                   ADDRESS         REF BY
           =====                   =======         ======
           DTH11_data              C01E 
               calls direct
    -------------------------------------------------------------------------
DATA16_Z
  Relative segment, address: 0216 - 0216 (0x1 bytes), align: 0
  Segment part 73.            Intra module refs:   RXserial_isr
           ENTRY                   ADDRESS         REF BY
           =====                   =======         ======
           DES                     0216 
    -------------------------------------------------------------------------
<CODE> 1 (was CODE)
  Relative segment, address: C3E4 - C44F (0x6c bytes), align: 1
  Segment part 97.
           ENTRY                   ADDRESS         REF BY
           =====                   =======         ======
           main                    C3E4            Segment part 18 (?cstart)
               calls direct
    -------------------------------------------------------------------------
<CODE> 1 (was CODE)
  Relative segment, address: C4D4 - C4EB (0x18 bytes), align: 1
  Segment part 96.            Intra module refs:   main
           ENTRY                   ADDRESS         REF BY
           =====                   =======         ======
           clk                     C4D4 
    -------------------------------------------------------------------------
<CODE> 1 (was CODE)
  Relative segment, address: C450 - C481 (0x32 bytes), align: 1
  Segment part 95.            Intra module refs:   main
           ENTRY                   ADDRESS         REF BY
           =====                   =======         ======
           uart                    C450 
    -------------------------------------------------------------------------
<CODE> 1 (was CODE)
  Relative segment, address: C568 - C56F (0x8 bytes), align: 1
  Segment part 94.            Intra module refs:   main
           ENTRY                   ADDRESS         REF BY
           =====                   =======         ======
           Enin                    C568 
    -------------------------------------------------------------------------
<CODE> 1 (was CODE)
  Relative segment, address: C53E - C54B (0xe bytes), align: 1
  Segment part 98.            Intra module refs:   RXserial_isr
           ENTRY                   ADDRESS         REF BY
           =====                   =======         ======
           readSensor              C53E 
               calls direct
    -------------------------------------------------------------------------
<CODE> 1 (was CODE)
  Relative segment, address: C4B0 - C4D3 (0x24 bytes), align: 1
  Segment part 99.            Intra module refs:   RXserial_isr::??INTVEC 14
           ENTRY                   ADDRESS         REF BY
           =====                   =======         ======
           RXserial_isr            C4B0 
               interrupt function
               calls direct
    -------------------------------------------------------------------------
INTVEC
  Common segment, address: FFE0 - FFEF (0x10 bytes), align: 1
  Segment part 24. ROOT 
           ENTRY                   ADDRESS         REF BY
           =====                   =======         ======
           RXserial_isr::??INTVEC 14
                                   FFEE 
    -------------------------------------------------------------------------
DATA16_C
  Relative segment, address: C000 - C005 (0x6 bytes), align: 0
  Segment part 26.            Intra module refs:   main

    *************************************************************************

  FILE NAME : C:\Program Files (x86)\IAR Systems\Embedded Workbench 7.4\430\lib\dlib\dl430fn.r43
  LIBRARY MODULE, NAME : ?__dbg_break

  SEGMENTS IN THE MODULE
  ======================
<CODE> 1 (was CODE)
  Relative segment, address: C578 - C579 (0x2 bytes), align: 1
  Segment part 2.
           ENTRY                   ADDRESS         REF BY
           =====                   =======         ======
           __DebugBreak            C578            __exit (?__exit)

    -------------------------------------------------------------------------
  LIBRARY MODULE, NAME : ?__exit

  SEGMENTS IN THE MODULE
  ======================
<CODE> 1 (was CODE)
  Relative segment, address: C51C - C52D (0x12 bytes), align: 1
  Segment part 2.
           ENTRY                   ADDRESS         REF BY
           =====                   =======         ======
           __exit                  C51C            Segment part 6 (?_exit)
                                                   _exit (?_exit)
               calls direct

    -------------------------------------------------------------------------
  LIBRARY MODULE, NAME : ?_exit

  SEGMENTS IN THE MODULE
  ======================
<CODE> 1 (was CODE)
  Relative segment, address: C574, align: 1
  Segment part 0.
           ENTRY                   ADDRESS         REF BY
           =====                   =======         ======
           _exit                   C574            exit (?exit)
    -------------------------------------------------------------------------
<CODE> 1 (was CODE)
  Relative segment, address: C574 - C577 (0x4 bytes), align: 1
  Segment part 6.             Intra module refs:   _exit

    -------------------------------------------------------------------------
  LIBRARY MODULE, NAME : ?cstart

  SEGMENTS IN THE MODULE
  ======================
CSTACK
  Relative segment, address: 03B0, align: 1
  Segment part 1.
    -------------------------------------------------------------------------
DATA16_Z
  Relative segment, address: 0204, align: 1
  Segment part 2.
    -------------------------------------------------------------------------
CSTART
  Relative segment, address: C006 - C009 (0x4 bytes), align: 1
  Segment part 9.
           ENTRY                   ADDRESS         REF BY
           =====                   =======         ======
           __program_start         C006            ?reset_vector (?reset_vector)
                                                   Absolute parts (?ABS_ENTRY_MOD)
           ?cstart_begin           C006 
    -------------------------------------------------------------------------
CSTART
  Relative segment, address: C00A - C015 (0xc bytes), align: 1
  Segment part 13.
           ENTRY                   ADDRESS         REF BY
           =====                   =======         ======
           ?cstart_init_zero       C00A            DES (main)
                                                   Ndata1 (main)
                                                   Timeout (main)
                                                   _C (main)
                                                   _D (main)
                                                   _DM (main)
                                                   _U (main)
                                                   _UM (main)
                                                   aux_char (main)
                                                   byte0 (main)
                                                   byte1 (main)
                                                   byte2 (main)
                                                   byte3 (main)
                                                   byte4 (main)
                                                   countt1 (main)
    -------------------------------------------------------------------------
CSTART
  Relative segment, address: C016 - C01D (0x8 bytes), align: 1
  Segment part 18.            Intra module refs:   Segment part 9
           ENTRY                   ADDRESS         REF BY
           =====                   =======         ======
           ?cstart_call_main       C016 
           ?cstart_end             C01E 

    -------------------------------------------------------------------------
  LIBRARY MODULE, NAME : ?reset_vector

  SEGMENTS IN THE MODULE
  ======================
RESET
  Relative segment, address: FFFE - FFFF (0x2 bytes), align: 1
  Segment part 0.
           ENTRY                   ADDRESS         REF BY
           =====                   =======         ======
           ?reset_vector           FFFE            Segment part 9 (?cstart)

    -------------------------------------------------------------------------
  LIBRARY MODULE, NAME : ?exit

  SEGMENTS IN THE MODULE
  ======================
<CODE> 1 (was CODE)
  Relative segment, address: C570 - C573 (0x4 bytes), align: 1
  Segment part 2.
           ENTRY                   ADDRESS         REF BY
           =====                   =======         ======
           exit                    C570            Segment part 18 (?cstart)
               calls direct

    -------------------------------------------------------------------------
  LIBRARY MODULE, NAME : ?Mul816

  SEGMENTS IN THE MODULE
  ======================
<CODE> 1 (was CODE)
  Relative segment, address: C482 - C4AF (0x2e bytes), align: 1
  Segment part 1.
           ENTRY                   ADDRESS         REF BY
           =====                   =======         ======
           ?Mul16                  C482            p_ui (main)
           ?Mul16to32u             C482 

    -------------------------------------------------------------------------
  LIBRARY MODULE, NAME : ?DivMod816u

  SEGMENTS IN THE MODULE
  ======================
<CODE> 1 (was CODE)
  Relative segment, address: C504 - C51B (0x18 bytes), align: 1
  Segment part 1.
           ENTRY                   ADDRESS         REF BY
           =====                   =======         ======
           ?DivMod16u              C504            p_ui (main)

    -------------------------------------------------------------------------
  LIBRARY MODULE, NAME : ?memzero

  SEGMENTS IN THE MODULE
  ======================
<CODE> 1 (was CODE)
  Relative segment, address: C52E - C53D (0x10 bytes), align: 1
  Segment part 2.
           ENTRY                   ADDRESS         REF BY
           =====                   =======         ======
           __data16_memzero        C52E            ?cstart_init_zero (?cstart)




                ****************************************
                *                                      *
                *      SEGMENTS IN ADDRESS ORDER       *
                *                                      *
                ****************************************


SEGMENT              SPACE    START ADDRESS   END ADDRESS     SIZE  TYPE  ALIGN
=======              =====    =============   ===========     ====  ====  =====
DATA16_AN                              0001 - 0001               1   rel    0
                                       0003 - 0003               1 
                                       0020 - 0022               3 
                                       0026 - 0026               1 
                                       0041 - 0041               1 
                                       0056 - 0058               3 
                                       0061 - 0064               4 
                                       0066 - 0067               2 
                                       0120 - 0121               2 
                                       0160 - 0163               4 
                                       0172 - 0175               4 
DATA16_I                                  0200                       dse    0
DATA16_Z                               0200 - 0216              17   rel    1
CSTACK                                 03B0 - 03FF              50   rel    1
DATA16_AN                              10F8 - 10F9               2   rel    0
DATA16_C                               C000 - C005               6   rel    0
CSTART                                 C006 - C01D              18   rel    1
<CODE> 1                               C01E - C579             55C   rel    1
INTVEC                                 FFE0 - FFEF              10   com    1
RESET                                  FFFE - FFFF               2   rel    1

                ****************************************
                *                                      *
                *        END OF CROSS REFERENCE        *
                *                                      *
                ****************************************

 1 414 bytes of CODE  memory
   103 bytes of DATA  memory (+ 28 absolute )
     6 bytes of CONST memory

Errors: none
Warnings: none

